10-27 15:35:40.772  1032  1032 I WifiHAL : index: 23 per_rate_size 32, data_rem_len 672
10-27 15:35:40.772  1032  1032 I WifiHAL : index: 24 per_rate_size 32, data_rem_len 640
10-27 15:35:40.772  1032  1032 I WifiHAL : index: 25 per_rate_size 32, data_rem_len 608
10-27 15:35:40.772  1032  1032 I WifiHAL : index: 26 per_rate_size 32, data_rem_len 576
10-27 15:35:40.772  1032  1032 I WifiHAL : index: 27 per_rate_size 32, data_rem_len 544
10-27 15:35:40.772  1032  1032 I WifiHAL : index: 28 per_rate_size 32, data_rem_len 512
10-27 15:35:40.772  1032  1032 I WifiHAL : index: 29 per_rate_size 32, data_rem_len 480
10-27 15:35:40.772  1032  1032 I WifiHAL : index: 30 per_rate_size 32, data_rem_len 448
10-27 15:35:40.772  1032  1032 I WifiHAL : index: 31 per_rate_size 32, data_rem_len 416
10-27 15:35:40.772  1032  1032 I WifiHAL : index: 32 per_rate_size 32, data_rem_len 384
10-27 15:35:40.772  1032  1032 I WifiHAL : index: 33 per_rate_size 32, data_rem_len 352
10-27 15:35:40.772  1032  1032 I WifiHAL : index: 34 per_rate_size 32, data_rem_len 320
10-27 15:35:40.772  1032  1032 I WifiHAL : index: 35 per_rate_size 32, data_rem_len 288
10-27 15:35:40.772  1032  1032 I WifiHAL : index: 36 per_rate_size 32, data_rem_len 256
10-27 15:35:40.772  1032  1032 I WifiHAL : index: 37 per_rate_size 32, data_rem_len 224
10-27 15:35:40.772  1032  1032 I WifiHAL : index: 38 per_rate_size 32, data_rem_len 192
10-27 15:35:40.772  1032  1032 I WifiHAL : index: 39 per_rate_size 32, data_rem_len 160
10-27 15:35:40.772  1032  1032 I WifiHAL : index: 40 per_rate_size 32, data_rem_len 128
10-27 15:35:40.772  1032  1032 I WifiHAL : index: 41 per_rate_size 32, data_rem_len 96
10-27 15:35:40.772  1032  1032 I WifiHAL : index: 42 per_rate_size 32, data_rem_len 64
10-27 15:35:40.772  1032  1032 I WifiHAL : index: 43 per_rate_size 32, data_rem_len 32
10-27 15:35:40.774  1032  1032 E libbinder.IPCThreadState: binder thread pool (1 threads) starved for 161 ms
10-27 15:35:40.776  1032  1032 I WifiHAL : Getting cached scan results, iface handle = 0xb40000791f3ac0d0
10-27 15:35:40.776  1032  1032 E WifiHAL : Creating message to get cached scan results
10-27 15:35:40.781  1032  1032 I WifiHAL : In GetCachedScanResultsCommand::handleResponse
10-27 15:35:40.843  1506  2190 D ConnectivityService: NetReassign [no changes] [c 6] [a 5] [i 10]
10-27 15:35:40.897  3120  3157 W pixelstats-vendor: Thread Pool max thread count is 0. Cannot cache binder as linkToDeath cannot be implemented. serviceName: android.frameworks.stats.IStats/default
10-27 15:35:41.084  3120  3157 W pixelstats-vendor: Thread Pool max thread count is 0. Cannot cache binder as linkToDeath cannot be implemented. serviceName: android.frameworks.stats.IStats/default
10-27 15:35:41.262  3120  3157 W pixelstats-vendor: Thread Pool max thread count is 0. Cannot cache binder as linkToDeath cannot be implemented. serviceName: android.frameworks.stats.IStats/default
10-27 15:35:42.407  3120  3157 W pixelstats-vendor: Thread Pool max thread count is 0. Cannot cache binder as linkToDeath cannot be implemented. serviceName: android.frameworks.stats.IStats/default
10-27 15:35:42.580  3120  3157 W pixelstats-vendor: Thread Pool max thread count is 0. Cannot cache binder as linkToDeath cannot be implemented. serviceName: android.frameworks.stats.IStats/default
10-27 15:35:42.761  3120  3157 W pixelstats-vendor: Thread Pool max thread count is 0. Cannot cache binder as linkToDeath cannot be implemented. serviceName: android.frameworks.stats.IStats/default
10-27 15:35:42.806 11479  3965 I NearbyDiscovery: (REDACTED) FastPairUtils: isBluetoothDeviceSupportingTargetUuid: Target profile found, profile=%s, %s
10-27 15:35:42.809 11479  3965 I NearbyDiscovery: (REDACTED) FastPairUtils: isBluetoothDeviceSupportingClassicUuid: Classic profile found, %s
10-27 15:35:43.116   980  1028 D CHRE    : @ 680229.310: [ActivityPlatform] type 4, confidence 95
10-27 15:35:43.485  1870  1872 I pixel-thermal: VIRTUAL-USB-UI:1 raw data: USB-MINUS-NEUTRAL:-1675 USB-MINUS-QUIET:1692 USB_QUIET_RFFE:1658.06 VIRTUAL-USB-UI:1 VIRTUAL-USB-UI-SUB0:0 VSYS_PWR_RFFE:5.65671 neutral_therm:41639 quiet_therm:38272 usb_pwr_therm:39964 
10-27 15:35:43.487  1870  1872 I pixel-thermal: quiet_therm:38.272 raw data: quiet_therm:38272 
10-27 15:35:43.487  1870  1872 I pixel-thermal: VIRTUAL-USB-THROTTLING:1 raw data: USB-MINUS-NEUTRAL:-1675 USB-MINUS-QUIET:1692 USB_QUIET_RFFE:1658.06 VIRTUAL-USB-THROTTLING:1 VIRTUAL-USB-THROTTLING-SUB0:0 usb_pwr_therm:39964 
10-27 15:35:43.488  1870  1872 I pixel-thermal: usb_pwr_therm:39.964 raw data: usb_pwr_therm:39964 
10-27 15:35:43.787   970 18363 I bthal.activity: bt_power: LeAdvStat: 15:35:42:784 - 15:35:43:786, duration: 1001, le_adv_count: 2, total_le_adv_count: 419856, total_event_count: 2
10-27 15:35:43.814  2465  3739 D TemperatureStateSource: sequence=38780 actualDelay=10000
10-27 15:35:43.814  2465  3739 D TemperatureStateSource: Reading temperature: sequence=38781
10-27 15:35:43.821  1032  1032 I WifiHAL : Creating message to get link statistics; iface = 48
10-27 15:35:43.823  1870  1870 I pixel-thermal: VIRTUAL-SKIN:38.4505 raw data: VIRTUAL-SKIN:38450.5 VIRTUAL-SKIN-SUB-0:38081.3 VIRTUAL-SKIN-SUB-1:36579.4 VIRTUAL-SKIN-SUB-10:38278.2 VIRTUAL-SKIN-SUB-2:36332.5 VIRTUAL-SKIN-SUB-3:36595.1 VIRTUAL-SKIN-SUB-4:36378.6 VIRTUAL-SKIN-SUB-5:37757.5 VIRTUAL-SKIN-SUB-6:36023.7 VIRTUAL-SKIN-SUB-7:37429.5 VIRTUAL-SKIN-SUB-8:38450.5 VIRTUAL-SKIN-SUB-9:38362.8 battery:38400 cam_therm:37359 charge_therm:44090 disp_therm:39452 neutral_therm:41639 north_therm:36714 quiet_therm:38272 soc_therm:43792 usb_pwr_therm:39964 
10-27 15:35:43.824  2465  3739 D TemperatureStateSource: getDeviceTemperatures: sequence=38781 deviceTemperatureType=3 temperatureSource=0 temperatures=[38.4505]
10-27 15:35:43.824  2465  3739 D BusinessScope: Enqueuing the block
10-27 15:35:43.824  2465  3739 D TemperatureStateSource: sequence=38781 waitTime=10000
10-27 15:35:43.824  2465  3739 D BusinessScope: Start running the #80785 block
10-27 15:35:43.827  1870  1870 I pixel-thermal: VIRTUAL-SKIN:38.4505 raw data: VIRTUAL-SKIN:38450.5 
10-27 15:35:43.828  2465  3739 I TemperatureStateSource: temperature was set
10-27 15:35:43.829  2465  3739 D BusinessScope: Enqueuing the block
10-27 15:35:43.830  2465  3739 D ImpulseStateSource: Notify clients: 40389
10-27 15:35:43.830  2465  3739 D BusinessScope: Finish running the #80785 block
10-27 15:35:43.830  2465  3739 D BusinessScope: Start running the #80786 block
10-27 15:35:43.830  2465  2703 D ImpulseConnection: bindService: com.google.android.apps.turbo
10-27 15:35:43.835  1506  2245 D BackgroundInstallControlService: Package event received: 0
10-27 15:35:43.842  1506  6019 D ActivityManager: sync unfroze 10354 com.google.android.apps.turbo for 6
10-27 15:35:43.845  1506  2245 D BackgroundInstallControlService: Package event received: 0
10-27 15:35:43.856  1506  6019 W ProcessStats: Tracking association SourceState{1524764 com.google.android.pixelsystemservice/10256 ImpFg #1246842} whose proc state 5 is better than process ProcessState{3e403e4 com.google.android.apps.turbo/10181 pkg=com.google.android.apps.turbo} proc state 14 (10 skipped)
10-27 15:35:43.857  2465  2465 D ImpulseConnection: onServiceConnected: ComponentInfo{com.google.android.apps.turbo/com.google.android.apps.turbo.adaptiveplatform.impulse.ImpulseClientService} service is null false
10-27 15:35:43.860  2465  2703 D BusinessScope: Finish running the #80786 block
10-27 15:35:43.909  1032  1032 I WifiHAL : index: 0 per_rate_size 32, data_rem_len 3160
10-27 15:35:43.909  1032  1032 I WifiHAL : index: 1 per_rate_size 32, data_rem_len 3128
10-27 15:35:43.909  1032  1032 I WifiHAL : index: 2 per_rate_size 32, data_rem_len 3096
10-27 15:35:43.909  1032  1032 I WifiHAL : index: 3 per_rate_size 32, data_rem_len 3064
10-27 15:35:43.909  1032  1032 I WifiHAL : index: 4 per_rate_size 32, data_rem_len 3032
10-27 15:35:43.909  1032  1032 I WifiHAL : index: 5 per_rate_size 32, data_rem_len 3000
10-27 15:35:43.909  1032  1032 I WifiHAL : index: 6 per_rate_size 32, data_rem_len 2968
10-27 15:35:43.909  1032  1032 I WifiHAL : index: 7 per_rate_size 32, data_rem_len 2936
10-27 15:35:43.909  1032  1032 I WifiHAL : index: 8 per_rate_size 32, data_rem_len 2904
10-27 15:35:43.909  1032  1032 I WifiHAL : index: 9 per_rate_size 32, data_rem_len 2872
10-27 15:35:43.909  1032  1032 I WifiHAL : index: 10 per_rate_size 32, data_rem_len 2840
10-27 15:35:43.909  1032  1032 I WifiHAL : index: 11 per_rate_size 32, data_rem_len 2808
10-27 15:35:43.910  1032  1032 I WifiHAL : index: 12 per_rate_size 32, data_rem_len 2776
10-27 15:35:43.910  1032  1032 I WifiHAL : index: 13 per_rate_size 32, data_rem_len 2744
10-27 15:35:43.910  1032  1032 I WifiHAL : index: 14 per_rate_size 32, data_rem_len 2712
10-27 15:35:43.910  1032  1032 I WifiHAL : index: 15 per_rate_size 32, data_rem_len 2680
10-27 15:35:43.910  1032  1032 I WifiHAL : index: 16 per_rate_size 32, data_rem_len 2648
10-27 15:35:43.910  1032  1032 I WifiHAL : index: 17 per_rate_size 32, data_rem_len 2616
10-27 15:35:43.910  1032  1032 I WifiHAL : index: 18 per_rate_size 32, data_rem_len 2584
10-27 15:35:43.910  1032  1032 I WifiHAL : index: 19 per_rate_size 32, data_rem_len 2552
10-27 15:35:43.910  1032  1032 I WifiHAL : index: 20 per_rate_size 32, data_rem_len 2520
10-27 15:35:43.910  1032  1032 I WifiHAL : index: 21 per_rate_size 32, data_rem_len 2488
10-27 15:35:43.910  1032  1032 I WifiHAL : index: 22 per_rate_size 32, data_rem_len 2456
10-27 15:35:43.910  1032  1032 I WifiHAL : index: 23 per_rate_size 32, data_rem_len 2424
10-27 15:35:43.910  1032  1032 I WifiHAL : index: 24 per_rate_size 32, data_rem_len 2392
10-27 15:35:43.910  1032  1032 I WifiHAL : index: 25 per_rate_size 32, data_rem_len 2360
10-27 15:35:43.910  1032  1032 I WifiHAL : index: 26 per_rate_size 32, data_rem_len 2328
10-27 15:35:43.910  1032  1032 I WifiHAL : index: 27 per_rate_size 32, data_rem_len 2296
10-27 15:35:43.910  1032  1032 I WifiHAL : index: 28 per_rate_size 32, data_rem_len 2264
10-27 15:35:43.910  1032  1032 I WifiHAL : index: 29 per_rate_size 32, data_rem_len 2232
10-27 15:35:43.915  1032  1032 I WifiHAL : index: 30 per_rate_size 32, data_rem_len 2200
10-27 15:35:43.916  1032  1032 I WifiHAL : index: 31 per_rate_size 32, data_rem_len 2168
10-27 15:35:43.916  1032  1032 I WifiHAL : index: 32 per_rate_size 32, data_rem_len 2136
10-27 15:35:43.916  1032  1032 I WifiHAL : index: 33 per_rate_size 32, data_rem_len 2104
10-27 15:35:43.916  1032  1032 I WifiHAL : index: 34 per_rate_size 32, data_rem_len 2072
10-27 15:35:43.916  1032  1032 I WifiHAL : index: 35 per_rate_size 32, data_rem_len 2040
10-27 15:35:43.916  1032  1032 I WifiHAL : index: 36 per_rate_size 32, data_rem_len 2008
10-27 15:35:43.916  1032  1032 I WifiHAL : index: 37 per_rate_size 32, data_rem_len 1976
10-27 15:35:43.916  1032  1032 I WifiHAL : index: 38 per_rate_size 32, data_rem_len 1944
10-27 15:35:43.916  1032  1032 I WifiHAL : index: 39 per_rate_size 32, data_rem_len 1912
10-27 15:35:43.916  1032  1032 I WifiHAL : index: 40 per_rate_size 32, data_rem_len 1880
10-27 15:35:43.916  1032  1032 I WifiHAL : index: 41 per_rate_size 32, data_rem_len 1848
10-27 15:35:43.916  1032  1032 I WifiHAL : index: 42 per_rate_size 32, data_rem_len 1816
10-27 15:35:43.916  1032  1032 I WifiHAL : index: 43 per_rate_size 32, data_rem_len 1784
10-27 15:35:43.916  1032  1032 I WifiHAL : index: 0 per_rate_size 32, data_rem_len 1408
10-27 15:35:43.916  1032  1032 I WifiHAL : index: 1 per_rate_size 32, data_rem_len 1376
10-27 15:35:43.916  1032  1032 I WifiHAL : index: 2 per_rate_size 32, data_rem_len 1344
10-27 15:35:43.916  1032  1032 I WifiHAL : index: 3 per_rate_size 32, data_rem_len 1312
10-27 15:35:43.916  1032  1032 I WifiHAL : index: 4 per_rate_size 32, data_rem_len 1280
10-27 15:35:43.916  1032  1032 I WifiHAL : index: 5 per_rate_size 32, data_rem_len 1248
10-27 15:35:43.916  1032  1032 I WifiHAL : index: 6 per_rate_size 32, data_rem_len 1216
10-27 15:35:43.916  1032  1032 I WifiHAL : index: 7 per_rate_size 32, data_rem_len 1184
10-27 15:35:43.916  1032  1032 I WifiHAL : index: 8 per_rate_size 32, data_rem_len 1152
10-27 15:35:43.916  1032  1032 I WifiHAL : index: 9 per_rate_size 32, data_rem_len 1120
10-27 15:35:43.916  1032  1032 I WifiHAL : index: 10 per_rate_size 32, data_rem_len 1088
10-27 15:35:43.916  1032  1032 I WifiHAL : index: 11 per_rate_size 32, data_rem_len 1056
10-27 15:35:43.916  1032  1032 I WifiHAL : index: 12 per_rate_size 32, data_rem_len 1024
10-27 15:35:43.916  1032  1032 I WifiHAL : index: 13 per_rate_size 32, data_rem_len 992
10-27 15:35:43.916  1032  1032 I WifiHAL : index: 14 per_rate_size 32, data_rem_len 960
10-27 15:35:43.916  1032  1032 I WifiHAL : index: 15 per_rate_size 32, data_rem_len 928
10-27 15:35:43.916  1032  1032 I WifiHAL : index: 16 per_rate_size 32, data_rem_len 896
10-27 15:35:43.916  1032  1032 I WifiHAL : index: 17 per_rate_size 32, data_rem_len 864
10-27 15:35:43.916  1032  1032 I WifiHAL : index: 18 per_rate_size 32, data_rem_len 832
10-27 15:35:43.916  1032  1032 I WifiHAL : index: 19 per_rate_size 32, data_rem_len 800
10-27 15:35:43.916  1032  1032 I WifiHAL : index: 20 per_rate_size 32, data_rem_len 768
10-27 15:35:43.916  1032  1032 I WifiHAL : index: 21 per_rate_size 32, data_rem_len 736
10-27 15:35:43.916  1032  1032 I WifiHAL : index: 22 per_rate_size 32, data_rem_len 704
10-27 15:35:43.916  1032  1032 I WifiHAL : index: 23 per_rate_size 32, data_rem_len 672
10-27 15:35:43.916  1032  1032 I WifiHAL : index: 24 per_rate_size 32, data_rem_len 640
10-27 15:35:43.916  1032  1032 I WifiHAL : index: 25 per_rate_size 32, data_rem_len 608
10-27 15:35:43.916  1032  1032 I WifiHAL : index: 26 per_rate_size 32, data_rem_len 576
10-27 15:35:43.917  1032  1032 I WifiHAL : index: 27 per_rate_size 32, data_rem_len 544
10-27 15:35:43.917  1032  1032 I WifiHAL : index: 28 per_rate_size 32, data_rem_len 512
10-27 15:35:43.917  1032  1032 I WifiHAL : index: 29 per_rate_size 32, data_rem_len 480
10-27 15:35:43.917  1032  1032 I WifiHAL : index: 30 per_rate_size 32, data_rem_len 448
10-27 15:35:43.917  1032  1032 I WifiHAL : index: 31 per_rate_size 32, data_rem_len 416
10-27 15:35:43.917  1032  1032 I WifiHAL : index: 32 per_rate_size 32, data_rem_len 384
10-27 15:35:43.917  1032  1032 I WifiHAL : index: 33 per_rate_size 32, data_rem_len 352
10-27 15:35:43.917  1032  1032 I WifiHAL : index: 34 per_rate_size 32, data_rem_len 320
10-27 15:35:43.917  1032  1032 I WifiHAL : index: 35 per_rate_size 32, data_rem_len 288
10-27 15:35:43.917  1032  1032 I WifiHAL : index: 36 per_rate_size 32, data_rem_len 256
10-27 15:35:43.917  1032  1032 I WifiHAL : index: 37 per_rate_size 32, data_rem_len 224
10-27 15:35:43.917  1032  1032 I WifiHAL : index: 38 per_rate_size 32, data_rem_len 192
10-27 15:35:43.917  1032  1032 I WifiHAL : index: 39 per_rate_size 32, data_rem_len 160
10-27 15:35:43.917  1032  1032 I WifiHAL : index: 40 per_rate_size 32, data_rem_len 128
10-27 15:35:43.917  1032  1032 I WifiHAL : index: 41 per_rate_size 32, data_rem_len 96
10-27 15:35:43.917  1032  1032 I WifiHAL : index: 42 per_rate_size 32, data_rem_len 64
10-27 15:35:43.917  1032  1032 I WifiHAL : index: 43 per_rate_size 32, data_rem_len 32
10-27 15:35:43.921  3120  3157 W pixelstats-vendor: Thread Pool max thread count is 0. Cannot cache binder as linkToDeath cannot be implemented. serviceName: android.frameworks.stats.IStats/default
10-27 15:35:43.925  1032  1032 E libbinder.IPCThreadState: binder thread pool (1 threads) starved for 104 ms
10-27 15:35:43.926  1032  1032 I WifiHAL : Getting cached scan results, iface handle = 0xb40000791f3ac0d0
10-27 15:35:43.927  1032  1032 E WifiHAL : Creating message to get cached scan results
10-27 15:35:43.931  1032  1032 I WifiHAL : In GetCachedScanResultsCommand::handleResponse
10-27 15:35:44.012  1506  2190 D ConnectivityService: NetReassign [no changes] [c 6] [a 6] [i 11]
10-27 15:35:44.093  3120  3157 W pixelstats-vendor: Thread Pool max thread count is 0. Cannot cache binder as linkToDeath cannot be implemented. serviceName: android.frameworks.stats.IStats/default
10-27 15:35:44.276  3120  3157 W pixelstats-vendor: Thread Pool max thread count is 0. Cannot cache binder as linkToDeath cannot be implemented. serviceName: android.frameworks.stats.IStats/default
10-27 15:35:44.517  1870  1872 I pixel-thermal: disp_therm:39.452 raw data: disp_therm:39452 
10-27 15:35:44.526  1870  1872 I pixel-thermal: north_therm:36.714 raw data: north_therm:36714 
10-27 15:35:44.526  1870  1872 I pixel-thermal: cam_therm:37.359 raw data: cam_therm:37359 
